<?xml version="1.0" encoding="UTF-8"?>
<TestRun id="a398460b-8f18-432d-b323-a5d0740c5ae2" name="Julius@JULIUS-PC 2010-12-12 20:17:04" runUser="Julius-PC\Julius" xmlns="http://microsoft.com/schemas/VisualStudio/TeamTest/2010">
  <TestSettings name="Local" id="6573841c-2167-43db-9aca-a821b0fab680">
    <Description>These are default test settings for a local test run.</Description>
    <Deployment userDeploymentRoot="C:\Users\Julius\Documents\Visual Studio 2010\Projects\pse_spacewar\TestTest\TestResults" useDefaultDeploymentRoot="false" enabled="false" runDeploymentRoot="Julius_JULIUS-PC 2010-12-12 20_17_04">
      <DeploymentItem filename="C:\Users\Julius\Desktop\code\NET40\Moq.dll" />
      <DeploymentItem filename="C:\Users\Julius\Documents\Visual Studio 2010\Projects\pse_spacewar\TestTest\TestTest\bin\Debug\TestTest.exe" />
    </Deployment>
    <Execution>
      <TestTypeSpecific />
      <AgentRule name="Execution Agents">
      </AgentRule>
    </Execution>
  </TestSettings>
  <Times creation="2010-12-12T20:17:04.0606000+01:00" queuing="2010-12-12T20:17:04.0676000+01:00" start="2010-12-12T20:17:04.0806000+01:00" finish="2010-12-12T20:17:04.8446000+01:00" />
  <ResultSummary outcome="Failed">
    <Counters total="4" executed="4" passed="3" error="0" failed="1" timeout="0" aborted="0" inconclusive="0" passedButRunAborted="0" notRunnable="0" notExecuted="0" disconnected="0" warning="0" completed="0" inProgress="0" pending="0" />
  </ResultSummary>
  <TestDefinitions>
    <UnitTest name="GetFooTest" storage="c:\users\julius\documents\visual studio 2010\projects\pse_spacewar\testtest\testtesttest\bin\debug\testtesttest.dll" id="6145f657-4e37-a7ff-7407-9bc67fa58366">
      <Execution id="77a2f785-fd3f-4648-870c-c5dd59264360" />
      <TestMethod codeBase="C:/Users/Julius/Documents/Visual Studio 2010/Projects/pse_spacewar/TestTest/TestTestTest/bin/Debug/TestTestTest.DLL" adapterTypeName="Microsoft.VisualStudio.TestTools.TestTypes.Unit.UnitTestAdapter, Microsoft.VisualStudio.QualityTools.Tips.UnitTest.Adapter, Version=10.0.0.0, Culture=neutral, PublicKeyToken=b03f5f7f11d50a3a" className="TestTestTest.FooTest, TestTestTest, Version=1.0.0.0, Culture=neutral, PublicKeyToken=null" name="GetFooTest" />
    </UnitTest>
    <UnitTest name="DoFooTest" storage="c:\users\julius\documents\visual studio 2010\projects\pse_spacewar\testtest\testtesttest\bin\debug\testtesttest.dll" id="0af5428e-e0c3-5f2b-7a36-f7de1d12072d">
      <Execution id="18c73f76-ab1b-4b6a-83a8-8df1e1716716" />
      <TestMethod codeBase="C:/Users/Julius/Documents/Visual Studio 2010/Projects/pse_spacewar/TestTest/TestTestTest/bin/Debug/TestTestTest.DLL" adapterTypeName="Microsoft.VisualStudio.TestTools.TestTypes.Unit.UnitTestAdapter, Microsoft.VisualStudio.QualityTools.Tips.UnitTest.Adapter, Version=10.0.0.0, Culture=neutral, PublicKeyToken=b03f5f7f11d50a3a" className="TestTestTest.blaFooTest, TestTestTest, Version=1.0.0.0, Culture=neutral, PublicKeyToken=null" name="DoFooTest" />
    </UnitTest>
    <UnitTest name="DoFooTest" storage="c:\users\julius\documents\visual studio 2010\projects\pse_spacewar\testtest\testtesttest\bin\debug\testtesttest.dll" id="d2e67cef-8c55-3f21-3e20-72c29dcc416a">
      <Execution id="5f547c04-5b3e-4a3e-83d7-3917f84b013b" />
      <TestMethod codeBase="C:/Users/Julius/Documents/Visual Studio 2010/Projects/pse_spacewar/TestTest/TestTestTest/bin/Debug/TestTestTest.DLL" adapterTypeName="Microsoft.VisualStudio.TestTools.TestTypes.Unit.UnitTestAdapter, Microsoft.VisualStudio.QualityTools.Tips.UnitTest.Adapter, Version=10.0.0.0, Culture=neutral, PublicKeyToken=b03f5f7f11d50a3a" className="TestTestTest.FooTest, TestTestTest, Version=1.0.0.0, Culture=neutral, PublicKeyToken=null" name="DoFooTest" />
    </UnitTest>
    <UnitTest name="GetFooTest" storage="c:\users\julius\documents\visual studio 2010\projects\pse_spacewar\testtest\testtesttest\bin\debug\testtesttest.dll" id="fcb0e488-ad4b-2dd9-1d2f-98426cc006a2">
      <Execution id="94938ebc-722b-4fb7-b03b-a8d53d39f629" />
      <TestMethod codeBase="C:/Users/Julius/Documents/Visual Studio 2010/Projects/pse_spacewar/TestTest/TestTestTest/bin/Debug/TestTestTest.DLL" adapterTypeName="Microsoft.VisualStudio.TestTools.TestTypes.Unit.UnitTestAdapter, Microsoft.VisualStudio.QualityTools.Tips.UnitTest.Adapter, Version=10.0.0.0, Culture=neutral, PublicKeyToken=b03f5f7f11d50a3a" className="TestTestTest.blaFooTest, TestTestTest, Version=1.0.0.0, Culture=neutral, PublicKeyToken=null" name="GetFooTest" />
    </UnitTest>
  </TestDefinitions>
  <TestLists>
    <TestList name="Results Not in a List" id="8c84fa94-04c1-424b-9868-57a2d4851a1d" />
    <TestList name="All Loaded Results" id="19431567-8539-422a-85d7-44ee4e166bda" />
  </TestLists>
  <TestEntries>
    <TestEntry testId="0af5428e-e0c3-5f2b-7a36-f7de1d12072d" executionId="18c73f76-ab1b-4b6a-83a8-8df1e1716716" testListId="8c84fa94-04c1-424b-9868-57a2d4851a1d" />
    <TestEntry testId="6145f657-4e37-a7ff-7407-9bc67fa58366" executionId="77a2f785-fd3f-4648-870c-c5dd59264360" testListId="8c84fa94-04c1-424b-9868-57a2d4851a1d" />
    <TestEntry testId="d2e67cef-8c55-3f21-3e20-72c29dcc416a" executionId="5f547c04-5b3e-4a3e-83d7-3917f84b013b" testListId="8c84fa94-04c1-424b-9868-57a2d4851a1d" />
    <TestEntry testId="fcb0e488-ad4b-2dd9-1d2f-98426cc006a2" executionId="94938ebc-722b-4fb7-b03b-a8d53d39f629" testListId="8c84fa94-04c1-424b-9868-57a2d4851a1d" />
  </TestEntries>
  <Results>
    <UnitTestResult executionId="18c73f76-ab1b-4b6a-83a8-8df1e1716716" testId="0af5428e-e0c3-5f2b-7a36-f7de1d12072d" testName="DoFooTest" computerName="JULIUS-PC" duration="00:00:00.2725024" startTime="2010-12-12T20:17:04.1156000+01:00" endTime="2010-12-12T20:17:04.7356000+01:00" testType="13cdc9d9-ddb5-4fa4-a97d-d965ccfc6d4b" outcome="Passed" testListId="8c84fa94-04c1-424b-9868-57a2d4851a1d" relativeResultsDirectory="18c73f76-ab1b-4b6a-83a8-8df1e1716716">
    </UnitTestResult>
    <UnitTestResult executionId="77a2f785-fd3f-4648-870c-c5dd59264360" testId="6145f657-4e37-a7ff-7407-9bc67fa58366" testName="GetFooTest" computerName="JULIUS-PC" duration="00:00:00.0233502" startTime="2010-12-12T20:17:04.7376000+01:00" endTime="2010-12-12T20:17:04.7686000+01:00" testType="13cdc9d9-ddb5-4fa4-a97d-d965ccfc6d4b" outcome="Passed" testListId="8c84fa94-04c1-424b-9868-57a2d4851a1d" relativeResultsDirectory="77a2f785-fd3f-4648-870c-c5dd59264360">
    </UnitTestResult>
    <UnitTestResult executionId="5f547c04-5b3e-4a3e-83d7-3917f84b013b" testId="d2e67cef-8c55-3f21-3e20-72c29dcc416a" testName="DoFooTest" computerName="JULIUS-PC" duration="00:00:00.0302058" startTime="2010-12-12T20:17:04.7716000+01:00" endTime="2010-12-12T20:17:04.8046000+01:00" testType="13cdc9d9-ddb5-4fa4-a97d-d965ccfc6d4b" outcome="Failed" testListId="8c84fa94-04c1-424b-9868-57a2d4851a1d" relativeResultsDirectory="5f547c04-5b3e-4a3e-83d7-3917f84b013b">
      <Output>
        <ErrorInfo>
          <Message>Test method TestTestTest.FooTest.DoFooTest threw exception: 
Moq.MockException: 
Expected invocation on the mock exactly 2 times, but was 1 times: b =&gt; b.DoBar()

Configured setups:
b =&gt; b.DoBar(), Times.Once

Performed invocations:
Bar.DoBar()</Message>
          <StackTrace>    at Moq.Mock.ThrowVerifyException(MethodCall expected, IEnumerable`1 setups, IEnumerable`1 actualCalls, Expression expression, Times times, Int32 callCount)
   at Moq.Mock.VerifyCalls(Interceptor targetInterceptor, MethodCall expected, Expression expression, Times times)
   at Moq.Mock.Verify[T](Mock mock, Expression`1 expression, Times times, String failMessage)
   at Moq.Mock`1.Verify(Expression`1 expression, Times times)
   at TestTestTest.FooTest.DoFooTest() in C:\Users\Julius\Documents\Visual Studio 2010\Projects\pse_spacewar\TestTest\TestTestTest\FooTest.cs:line 83
</StackTrace>
        </ErrorInfo>
      </Output>
    </UnitTestResult>
    <UnitTestResult executionId="94938ebc-722b-4fb7-b03b-a8d53d39f629" testId="fcb0e488-ad4b-2dd9-1d2f-98426cc006a2" testName="GetFooTest" computerName="JULIUS-PC" duration="00:00:00.0013588" startTime="2010-12-12T20:17:04.8146000+01:00" endTime="2010-12-12T20:17:04.8246000+01:00" testType="13cdc9d9-ddb5-4fa4-a97d-d965ccfc6d4b" outcome="Passed" testListId="8c84fa94-04c1-424b-9868-57a2d4851a1d" relativeResultsDirectory="94938ebc-722b-4fb7-b03b-a8d53d39f629">
    </UnitTestResult>
  </Results>
</TestRun>