<?xml version="1.0" encoding="UTF-8"?>
<TestRun id="4251a1b6-bd33-42ab-b918-492b3fd3a7aa" name="Julius@JULIUS-PC 2010-12-12 20:16:47" runUser="Julius-PC\Julius" xmlns="http://microsoft.com/schemas/VisualStudio/TeamTest/2010">
  <TestSettings name="Local" id="6573841c-2167-43db-9aca-a821b0fab680">
    <Description>These are default test settings for a local test run.</Description>
    <Deployment enabled="false" runDeploymentRoot="Julius_JULIUS-PC 2010-12-12 20_16_47">
      <DeploymentItem filename="C:\Users\Julius\Desktop\code\NET40\Moq.dll" />
      <DeploymentItem filename="C:\Users\Julius\Documents\Visual Studio 2010\Projects\pse_spacewar\TestTest\TestTest\bin\Debug\TestTest.exe" />
    </Deployment>
    <Execution>
      <TestTypeSpecific />
      <AgentRule name="Execution Agents">
      </AgentRule>
    </Execution>
  </TestSettings>
  <Times creation="2010-12-12T20:16:47.0966000+01:00" queuing="2010-12-12T20:16:47.1126000+01:00" start="2010-12-12T20:16:47.1406000+01:00" finish="2010-12-12T20:16:48.0116000+01:00" />
  <ResultSummary outcome="Completed">
    <Counters total="4" executed="4" passed="4" error="0" failed="0" timeout="0" aborted="0" inconclusive="0" passedButRunAborted="0" notRunnable="0" notExecuted="0" disconnected="0" warning="0" completed="0" inProgress="0" pending="0" />
  </ResultSummary>
  <TestDefinitions>
    <UnitTest name="GetFooTest" storage="c:\users\julius\documents\visual studio 2010\projects\pse_spacewar\testtest\testtesttest\bin\debug\testtesttest.dll" id="6145f657-4e37-a7ff-7407-9bc67fa58366">
      <Execution id="09d0509b-18b8-45eb-9896-e6544aab8d5c" />
      <TestMethod codeBase="C:/Users/Julius/Documents/Visual Studio 2010/Projects/pse_spacewar/TestTest/TestTestTest/bin/Debug/TestTestTest.DLL" adapterTypeName="Microsoft.VisualStudio.TestTools.TestTypes.Unit.UnitTestAdapter, Microsoft.VisualStudio.QualityTools.Tips.UnitTest.Adapter, Version=10.0.0.0, Culture=neutral, PublicKeyToken=b03f5f7f11d50a3a" className="TestTestTest.FooTest, TestTestTest, Version=1.0.0.0, Culture=neutral, PublicKeyToken=null" name="GetFooTest" />
    </UnitTest>
    <UnitTest name="DoFooTest" storage="c:\users\julius\documents\visual studio 2010\projects\pse_spacewar\testtest\testtesttest\bin\debug\testtesttest.dll" id="0af5428e-e0c3-5f2b-7a36-f7de1d12072d">
      <Execution id="e9942bed-9d1b-41bc-a780-a9037fa1c49e" />
      <TestMethod codeBase="C:/Users/Julius/Documents/Visual Studio 2010/Projects/pse_spacewar/TestTest/TestTestTest/bin/Debug/TestTestTest.DLL" adapterTypeName="Microsoft.VisualStudio.TestTools.TestTypes.Unit.UnitTestAdapter, Microsoft.VisualStudio.QualityTools.Tips.UnitTest.Adapter, Version=10.0.0.0, Culture=neutral, PublicKeyToken=b03f5f7f11d50a3a" className="TestTestTest.blaFooTest, TestTestTest, Version=1.0.0.0, Culture=neutral, PublicKeyToken=null" name="DoFooTest" />
    </UnitTest>
    <UnitTest name="DoFooTest" storage="c:\users\julius\documents\visual studio 2010\projects\pse_spacewar\testtest\testtesttest\bin\debug\testtesttest.dll" id="d2e67cef-8c55-3f21-3e20-72c29dcc416a">
      <Execution id="a97ac3b6-8f37-4f27-a002-26d9e6a34085" />
      <TestMethod codeBase="C:/Users/Julius/Documents/Visual Studio 2010/Projects/pse_spacewar/TestTest/TestTestTest/bin/Debug/TestTestTest.DLL" adapterTypeName="Microsoft.VisualStudio.TestTools.TestTypes.Unit.UnitTestAdapter, Microsoft.VisualStudio.QualityTools.Tips.UnitTest.Adapter, Version=10.0.0.0, Culture=neutral, PublicKeyToken=b03f5f7f11d50a3a" className="TestTestTest.FooTest, TestTestTest, Version=1.0.0.0, Culture=neutral, PublicKeyToken=null" name="DoFooTest" />
    </UnitTest>
    <UnitTest name="GetFooTest" storage="c:\users\julius\documents\visual studio 2010\projects\pse_spacewar\testtest\testtesttest\bin\debug\testtesttest.dll" id="fcb0e488-ad4b-2dd9-1d2f-98426cc006a2">
      <Execution id="b7542da1-350f-4009-8171-ce0544363512" />
      <TestMethod codeBase="C:/Users/Julius/Documents/Visual Studio 2010/Projects/pse_spacewar/TestTest/TestTestTest/bin/Debug/TestTestTest.DLL" adapterTypeName="Microsoft.VisualStudio.TestTools.TestTypes.Unit.UnitTestAdapter, Microsoft.VisualStudio.QualityTools.Tips.UnitTest.Adapter, Version=10.0.0.0, Culture=neutral, PublicKeyToken=b03f5f7f11d50a3a" className="TestTestTest.blaFooTest, TestTestTest, Version=1.0.0.0, Culture=neutral, PublicKeyToken=null" name="GetFooTest" />
    </UnitTest>
  </TestDefinitions>
  <TestLists>
    <TestList name="Results Not in a List" id="8c84fa94-04c1-424b-9868-57a2d4851a1d" />
    <TestList name="All Loaded Results" id="19431567-8539-422a-85d7-44ee4e166bda" />
  </TestLists>
  <TestEntries>
    <TestEntry testId="0af5428e-e0c3-5f2b-7a36-f7de1d12072d" executionId="e9942bed-9d1b-41bc-a780-a9037fa1c49e" testListId="8c84fa94-04c1-424b-9868-57a2d4851a1d" />
    <TestEntry testId="6145f657-4e37-a7ff-7407-9bc67fa58366" executionId="09d0509b-18b8-45eb-9896-e6544aab8d5c" testListId="8c84fa94-04c1-424b-9868-57a2d4851a1d" />
    <TestEntry testId="d2e67cef-8c55-3f21-3e20-72c29dcc416a" executionId="a97ac3b6-8f37-4f27-a002-26d9e6a34085" testListId="8c84fa94-04c1-424b-9868-57a2d4851a1d" />
    <TestEntry testId="fcb0e488-ad4b-2dd9-1d2f-98426cc006a2" executionId="b7542da1-350f-4009-8171-ce0544363512" testListId="8c84fa94-04c1-424b-9868-57a2d4851a1d" />
  </TestEntries>
  <Results>
    <UnitTestResult executionId="e9942bed-9d1b-41bc-a780-a9037fa1c49e" testId="0af5428e-e0c3-5f2b-7a36-f7de1d12072d" testName="DoFooTest" computerName="JULIUS-PC" duration="00:00:00.3156099" startTime="2010-12-12T20:16:47.2046000+01:00" endTime="2010-12-12T20:16:47.9316000+01:00" testType="13cdc9d9-ddb5-4fa4-a97d-d965ccfc6d4b" outcome="Passed" testListId="8c84fa94-04c1-424b-9868-57a2d4851a1d" relativeResultsDirectory="e9942bed-9d1b-41bc-a780-a9037fa1c49e">
    </UnitTestResult>
    <UnitTestResult executionId="09d0509b-18b8-45eb-9896-e6544aab8d5c" testId="6145f657-4e37-a7ff-7407-9bc67fa58366" testName="GetFooTest" computerName="JULIUS-PC" duration="00:00:00.0235980" startTime="2010-12-12T20:16:47.9316000+01:00" endTime="2010-12-12T20:16:47.9616000+01:00" testType="13cdc9d9-ddb5-4fa4-a97d-d965ccfc6d4b" outcome="Passed" testListId="8c84fa94-04c1-424b-9868-57a2d4851a1d" relativeResultsDirectory="09d0509b-18b8-45eb-9896-e6544aab8d5c">
    </UnitTestResult>
    <UnitTestResult executionId="a97ac3b6-8f37-4f27-a002-26d9e6a34085" testId="d2e67cef-8c55-3f21-3e20-72c29dcc416a" testName="DoFooTest" computerName="JULIUS-PC" duration="00:00:00.0034334" startTime="2010-12-12T20:16:47.9716000+01:00" endTime="2010-12-12T20:16:47.9816000+01:00" testType="13cdc9d9-ddb5-4fa4-a97d-d965ccfc6d4b" outcome="Passed" testListId="8c84fa94-04c1-424b-9868-57a2d4851a1d" relativeResultsDirectory="a97ac3b6-8f37-4f27-a002-26d9e6a34085">
    </UnitTestResult>
    <UnitTestResult executionId="b7542da1-350f-4009-8171-ce0544363512" testId="fcb0e488-ad4b-2dd9-1d2f-98426cc006a2" testName="GetFooTest" computerName="JULIUS-PC" duration="00:00:00.0014376" startTime="2010-12-12T20:16:47.9816000+01:00" endTime="2010-12-12T20:16:47.9916000+01:00" testType="13cdc9d9-ddb5-4fa4-a97d-d965ccfc6d4b" outcome="Passed" testListId="8c84fa94-04c1-424b-9868-57a2d4851a1d" relativeResultsDirectory="b7542da1-350f-4009-8171-ce0544363512">
    </UnitTestResult>
  </Results>
</TestRun>